2023-03-05 20:50:26 [    INFO] ====== WebDriver manager ====== (logger.py:11)
2023-03-05 20:50:26 [    INFO] Get LATEST chromedriver version for google-chrome 110.0.5481 (logger.py:11)
2023-03-05 20:50:26 [   DEBUG] Starting new HTTPS connection (1): chromedriver.storage.googleapis.com:443 (connectionpool.py:1003)
2023-03-05 20:50:26 [   DEBUG] https://chromedriver.storage.googleapis.com:443 "GET /LATEST_RELEASE_110.0.5481 HTTP/1.1" 200 13 (connectionpool.py:456)
2023-03-05 20:50:26 [    INFO] Driver [/Users/mangal/.wdm/drivers/chromedriver/mac64/110.0.5481/chromedriver] found in cache (logger.py:11)
2023-03-05 20:50:26 [   DEBUG] Started executable: `/Users/mangal/.wdm/drivers/chromedriver/mac64/110.0.5481/chromedriver` in a child process with pid: 4844 (service.py:204)
2023-03-05 20:50:27 [   DEBUG] POST http://localhost:50753/session {"capabilities": {"firstMatch": [{}], "alwaysMatch": {"browserName": "chrome", "pageLoadStrategy": "normal", "goog:chromeOptions": {"extensions": [], "args": []}}}} (remote_connection.py:303)
2023-03-05 20:50:27 [   DEBUG] Starting new HTTP connection (1): localhost:50753 (connectionpool.py:228)
2023-03-05 20:50:27 [   DEBUG] http://localhost:50753 "POST /session HTTP/1.1" 200 800 (connectionpool.py:456)
2023-03-05 20:50:27 [   DEBUG] Remote response: status=200 | data={"value":{"capabilities":{"acceptInsecureCerts":false,"browserName":"chrome","browserVersion":"110.0.5481.177","chrome":{"chromedriverVersion":"110.0.5481.77 (65ed616c6e8ee3fe0ad64fe83796c020644d42af-refs/branch-heads/5481@{#839})","userDataDir":"/var/folders/rt/8xgrf4y96z7bt1zcz86wldr00000gn/T/.com.google.Chrome.JUms6G"},"goog:chromeOptions":{"debuggerAddress":"localhost:50758"},"networkConnectionEnabled":false,"pageLoadStrategy":"normal","platformName":"mac os x","proxy":{},"setWindowRect":true,"strictFileInteractability":false,"timeouts":{"implicit":0,"pageLoad":300000,"script":30000},"unhandledPromptBehavior":"dismiss and notify","webauthn:extension:credBlob":true,"webauthn:extension:largeBlob":true,"webauthn:virtualAuthenticators":true},"sessionId":"ee26ebd464cd695ab4b2e181fe868a94"}} | headers=HTTPHeaderDict({'Content-Length': '800', 'Content-Type': 'application/json; charset=utf-8', 'cache-control': 'no-cache'}) (remote_connection.py:319)
2023-03-05 20:50:27 [   DEBUG] Finished Request (remote_connection.py:346)
2023-03-05 20:50:27 [    INFO] ***** Test 001 Account Registration Started.. **** (test_001_AccountRegistration.py:20)
2023-03-05 20:50:28 [   DEBUG] POST http://localhost:50753/session/ee26ebd464cd695ab4b2e181fe868a94/url {"url": "https://meridukaan.tk/"} (remote_connection.py:303)
2023-03-05 20:50:28 [   DEBUG] http://localhost:50753 "POST /session/ee26ebd464cd695ab4b2e181fe868a94/url HTTP/1.1" 200 14 (connectionpool.py:456)
2023-03-05 20:50:28 [   DEBUG] Remote response: status=200 | data={"value":null} | headers=HTTPHeaderDict({'Content-Length': '14', 'Content-Type': 'application/json; charset=utf-8', 'cache-control': 'no-cache'}) (remote_connection.py:319)
2023-03-05 20:50:28 [   DEBUG] Finished Request (remote_connection.py:346)
2023-03-05 20:50:28 [   DEBUG] POST http://localhost:50753/session/ee26ebd464cd695ab4b2e181fe868a94/element {"using": "xpath", "value": "//div[@class='nav float-end']//div[@class='dropdown']"} (remote_connection.py:303)
2023-03-05 20:50:28 [   DEBUG] http://localhost:50753 "POST /session/ee26ebd464cd695ab4b2e181fe868a94/element HTTP/1.1" 200 88 (connectionpool.py:456)
2023-03-05 20:50:28 [   DEBUG] Remote response: status=200 | data={"value":{"element-6066-11e4-a52e-4f735466cecf":"adc3b302-36a6-4828-9f76-27feb71f8115"}} | headers=HTTPHeaderDict({'Content-Length': '88', 'Content-Type': 'application/json; charset=utf-8', 'cache-control': 'no-cache'}) (remote_connection.py:319)
2023-03-05 20:50:28 [   DEBUG] Finished Request (remote_connection.py:346)
2023-03-05 20:50:28 [   DEBUG] POST http://localhost:50753/session/ee26ebd464cd695ab4b2e181fe868a94/element/adc3b302-36a6-4828-9f76-27feb71f8115/click {"id": "adc3b302-36a6-4828-9f76-27feb71f8115"} (remote_connection.py:303)
2023-03-05 20:50:28 [   DEBUG] http://localhost:50753 "POST /session/ee26ebd464cd695ab4b2e181fe868a94/element/adc3b302-36a6-4828-9f76-27feb71f8115/click HTTP/1.1" 200 14 (connectionpool.py:456)
2023-03-05 20:50:28 [   DEBUG] Remote response: status=200 | data={"value":null} | headers=HTTPHeaderDict({'Content-Length': '14', 'Content-Type': 'application/json; charset=utf-8', 'cache-control': 'no-cache'}) (remote_connection.py:319)
2023-03-05 20:50:28 [   DEBUG] Finished Request (remote_connection.py:346)
2023-03-05 20:50:28 [   DEBUG] POST http://localhost:50753/session/ee26ebd464cd695ab4b2e181fe868a94/element {"using": "link text", "value": "Register"} (remote_connection.py:303)
2023-03-05 20:50:28 [   DEBUG] http://localhost:50753 "POST /session/ee26ebd464cd695ab4b2e181fe868a94/element HTTP/1.1" 200 88 (connectionpool.py:456)
2023-03-05 20:50:28 [   DEBUG] Remote response: status=200 | data={"value":{"element-6066-11e4-a52e-4f735466cecf":"a93ff013-83ba-4d24-b887-4528523fd559"}} | headers=HTTPHeaderDict({'Content-Length': '88', 'Content-Type': 'application/json; charset=utf-8', 'cache-control': 'no-cache'}) (remote_connection.py:319)
2023-03-05 20:50:28 [   DEBUG] Finished Request (remote_connection.py:346)
2023-03-05 20:50:28 [   DEBUG] POST http://localhost:50753/session/ee26ebd464cd695ab4b2e181fe868a94/element/a93ff013-83ba-4d24-b887-4528523fd559/click {"id": "a93ff013-83ba-4d24-b887-4528523fd559"} (remote_connection.py:303)
2023-03-05 20:50:29 [   DEBUG] http://localhost:50753 "POST /session/ee26ebd464cd695ab4b2e181fe868a94/element/a93ff013-83ba-4d24-b887-4528523fd559/click HTTP/1.1" 200 14 (connectionpool.py:456)
2023-03-05 20:50:29 [   DEBUG] Remote response: status=200 | data={"value":null} | headers=HTTPHeaderDict({'Content-Length': '14', 'Content-Type': 'application/json; charset=utf-8', 'cache-control': 'no-cache'}) (remote_connection.py:319)
2023-03-05 20:50:29 [   DEBUG] Finished Request (remote_connection.py:346)
2023-03-05 20:50:29 [    INFO] Proving customer details for registration (test_001_AccountRegistration.py:30)
2023-03-05 20:50:29 [   DEBUG] POST http://localhost:50753/session/ee26ebd464cd695ab4b2e181fe868a94/element {"using": "css selector", "value": "[name=\"firstname\"]"} (remote_connection.py:303)
2023-03-05 20:50:29 [   DEBUG] http://localhost:50753 "POST /session/ee26ebd464cd695ab4b2e181fe868a94/element HTTP/1.1" 200 88 (connectionpool.py:456)
2023-03-05 20:50:29 [   DEBUG] Remote response: status=200 | data={"value":{"element-6066-11e4-a52e-4f735466cecf":"bd46f95d-91c7-4398-ab28-8e785f3b22e5"}} | headers=HTTPHeaderDict({'Content-Length': '88', 'Content-Type': 'application/json; charset=utf-8', 'cache-control': 'no-cache'}) (remote_connection.py:319)
2023-03-05 20:50:29 [   DEBUG] Finished Request (remote_connection.py:346)
2023-03-05 20:50:29 [   DEBUG] POST http://localhost:50753/session/ee26ebd464cd695ab4b2e181fe868a94/element/bd46f95d-91c7-4398-ab28-8e785f3b22e5/value {"text": "John", "value": ["J", "o", "h", "n"], "id": "bd46f95d-91c7-4398-ab28-8e785f3b22e5"} (remote_connection.py:303)
2023-03-05 20:50:29 [   DEBUG] http://localhost:50753 "POST /session/ee26ebd464cd695ab4b2e181fe868a94/element/bd46f95d-91c7-4398-ab28-8e785f3b22e5/value HTTP/1.1" 200 14 (connectionpool.py:456)
2023-03-05 20:50:29 [   DEBUG] Remote response: status=200 | data={"value":null} | headers=HTTPHeaderDict({'Content-Length': '14', 'Content-Type': 'application/json; charset=utf-8', 'cache-control': 'no-cache'}) (remote_connection.py:319)
2023-03-05 20:50:29 [   DEBUG] Finished Request (remote_connection.py:346)
2023-03-05 20:50:29 [   DEBUG] POST http://localhost:50753/session/ee26ebd464cd695ab4b2e181fe868a94/element {"using": "css selector", "value": "[name=\"lastname\"]"} (remote_connection.py:303)
2023-03-05 20:50:29 [   DEBUG] http://localhost:50753 "POST /session/ee26ebd464cd695ab4b2e181fe868a94/element HTTP/1.1" 200 88 (connectionpool.py:456)
2023-03-05 20:50:29 [   DEBUG] Remote response: status=200 | data={"value":{"element-6066-11e4-a52e-4f735466cecf":"340d7217-2fdb-4d68-b53a-dd687876ea25"}} | headers=HTTPHeaderDict({'Content-Length': '88', 'Content-Type': 'application/json; charset=utf-8', 'cache-control': 'no-cache'}) (remote_connection.py:319)
2023-03-05 20:50:29 [   DEBUG] Finished Request (remote_connection.py:346)
2023-03-05 20:50:29 [   DEBUG] POST http://localhost:50753/session/ee26ebd464cd695ab4b2e181fe868a94/element/340d7217-2fdb-4d68-b53a-dd687876ea25/value {"text": "Canedy", "value": ["C", "a", "n", "e", "d", "y"], "id": "340d7217-2fdb-4d68-b53a-dd687876ea25"} (remote_connection.py:303)
2023-03-05 20:50:29 [   DEBUG] http://localhost:50753 "POST /session/ee26ebd464cd695ab4b2e181fe868a94/element/340d7217-2fdb-4d68-b53a-dd687876ea25/value HTTP/1.1" 200 14 (connectionpool.py:456)
2023-03-05 20:50:29 [   DEBUG] Remote response: status=200 | data={"value":null} | headers=HTTPHeaderDict({'Content-Length': '14', 'Content-Type': 'application/json; charset=utf-8', 'cache-control': 'no-cache'}) (remote_connection.py:319)
2023-03-05 20:50:29 [   DEBUG] Finished Request (remote_connection.py:346)
2023-03-05 20:50:29 [   DEBUG] POST http://localhost:50753/session/ee26ebd464cd695ab4b2e181fe868a94/element {"using": "css selector", "value": "[name=\"email\"]"} (remote_connection.py:303)
2023-03-05 20:50:29 [   DEBUG] http://localhost:50753 "POST /session/ee26ebd464cd695ab4b2e181fe868a94/element HTTP/1.1" 200 88 (connectionpool.py:456)
2023-03-05 20:50:29 [   DEBUG] Remote response: status=200 | data={"value":{"element-6066-11e4-a52e-4f735466cecf":"f6ed7f36-1d29-4682-9025-e79bb4dad4b2"}} | headers=HTTPHeaderDict({'Content-Length': '88', 'Content-Type': 'application/json; charset=utf-8', 'cache-control': 'no-cache'}) (remote_connection.py:319)
2023-03-05 20:50:29 [   DEBUG] Finished Request (remote_connection.py:346)
2023-03-05 20:50:29 [   DEBUG] POST http://localhost:50753/session/ee26ebd464cd695ab4b2e181fe868a94/element/f6ed7f36-1d29-4682-9025-e79bb4dad4b2/value {"text": "z4gwm@gmail.com", "value": ["z", "4", "g", "w", "m", "@", "g", "m", "a", "i", "l", ".", "c", "o", "m"], "id": "f6ed7f36-1d29-4682-9025-e79bb4dad4b2"} (remote_connection.py:303)
2023-03-05 20:50:29 [   DEBUG] http://localhost:50753 "POST /session/ee26ebd464cd695ab4b2e181fe868a94/element/f6ed7f36-1d29-4682-9025-e79bb4dad4b2/value HTTP/1.1" 200 14 (connectionpool.py:456)
2023-03-05 20:50:29 [   DEBUG] Remote response: status=200 | data={"value":null} | headers=HTTPHeaderDict({'Content-Length': '14', 'Content-Type': 'application/json; charset=utf-8', 'cache-control': 'no-cache'}) (remote_connection.py:319)
2023-03-05 20:50:29 [   DEBUG] Finished Request (remote_connection.py:346)
2023-03-05 20:50:29 [   DEBUG] POST http://localhost:50753/session/ee26ebd464cd695ab4b2e181fe868a94/element {"using": "css selector", "value": "[name=\"password\"]"} (remote_connection.py:303)
2023-03-05 20:50:29 [   DEBUG] http://localhost:50753 "POST /session/ee26ebd464cd695ab4b2e181fe868a94/element HTTP/1.1" 200 88 (connectionpool.py:456)
2023-03-05 20:50:29 [   DEBUG] Remote response: status=200 | data={"value":{"element-6066-11e4-a52e-4f735466cecf":"29dc0a6a-af39-4dfe-b53f-72edaadfd13d"}} | headers=HTTPHeaderDict({'Content-Length': '88', 'Content-Type': 'application/json; charset=utf-8', 'cache-control': 'no-cache'}) (remote_connection.py:319)
2023-03-05 20:50:29 [   DEBUG] Finished Request (remote_connection.py:346)
2023-03-05 20:50:29 [   DEBUG] POST http://localhost:50753/session/ee26ebd464cd695ab4b2e181fe868a94/element/29dc0a6a-af39-4dfe-b53f-72edaadfd13d/value {"text": "abcxyz", "value": ["a", "b", "c", "x", "y", "z"], "id": "29dc0a6a-af39-4dfe-b53f-72edaadfd13d"} (remote_connection.py:303)
2023-03-05 20:50:29 [   DEBUG] http://localhost:50753 "POST /session/ee26ebd464cd695ab4b2e181fe868a94/element/29dc0a6a-af39-4dfe-b53f-72edaadfd13d/value HTTP/1.1" 200 14 (connectionpool.py:456)
2023-03-05 20:50:29 [   DEBUG] Remote response: status=200 | data={"value":null} | headers=HTTPHeaderDict({'Content-Length': '14', 'Content-Type': 'application/json; charset=utf-8', 'cache-control': 'no-cache'}) (remote_connection.py:319)
2023-03-05 20:50:29 [   DEBUG] Finished Request (remote_connection.py:346)
2023-03-05 20:50:29 [   DEBUG] POST http://localhost:50753/session/ee26ebd464cd695ab4b2e181fe868a94/element {"using": "css selector", "value": "[name=\"agree\"]"} (remote_connection.py:303)
2023-03-05 20:50:29 [   DEBUG] http://localhost:50753 "POST /session/ee26ebd464cd695ab4b2e181fe868a94/element HTTP/1.1" 200 88 (connectionpool.py:456)
2023-03-05 20:50:29 [   DEBUG] Remote response: status=200 | data={"value":{"element-6066-11e4-a52e-4f735466cecf":"c9edab12-196d-4211-bd76-8b615ac7fd2b"}} | headers=HTTPHeaderDict({'Content-Length': '88', 'Content-Type': 'application/json; charset=utf-8', 'cache-control': 'no-cache'}) (remote_connection.py:319)
2023-03-05 20:50:29 [   DEBUG] Finished Request (remote_connection.py:346)
2023-03-05 20:50:29 [   DEBUG] POST http://localhost:50753/session/ee26ebd464cd695ab4b2e181fe868a94/element/c9edab12-196d-4211-bd76-8b615ac7fd2b/click {"id": "c9edab12-196d-4211-bd76-8b615ac7fd2b"} (remote_connection.py:303)
2023-03-05 20:50:29 [   DEBUG] http://localhost:50753 "POST /session/ee26ebd464cd695ab4b2e181fe868a94/element/c9edab12-196d-4211-bd76-8b615ac7fd2b/click HTTP/1.1" 200 14 (connectionpool.py:456)
2023-03-05 20:50:29 [   DEBUG] Remote response: status=200 | data={"value":null} | headers=HTTPHeaderDict({'Content-Length': '14', 'Content-Type': 'application/json; charset=utf-8', 'cache-control': 'no-cache'}) (remote_connection.py:319)
2023-03-05 20:50:29 [   DEBUG] Finished Request (remote_connection.py:346)
2023-03-05 20:50:29 [   DEBUG] POST http://localhost:50753/session/ee26ebd464cd695ab4b2e181fe868a94/element {"using": "xpath", "value": "//button[@type='submit']"} (remote_connection.py:303)
2023-03-05 20:50:29 [   DEBUG] http://localhost:50753 "POST /session/ee26ebd464cd695ab4b2e181fe868a94/element HTTP/1.1" 200 88 (connectionpool.py:456)
2023-03-05 20:50:29 [   DEBUG] Remote response: status=200 | data={"value":{"element-6066-11e4-a52e-4f735466cecf":"0c33d7a2-e559-4b39-bb78-b7feed3cd1d5"}} | headers=HTTPHeaderDict({'Content-Length': '88', 'Content-Type': 'application/json; charset=utf-8', 'cache-control': 'no-cache'}) (remote_connection.py:319)
2023-03-05 20:50:29 [   DEBUG] Finished Request (remote_connection.py:346)
2023-03-05 20:50:29 [   DEBUG] POST http://localhost:50753/session/ee26ebd464cd695ab4b2e181fe868a94/element/0c33d7a2-e559-4b39-bb78-b7feed3cd1d5/click {"id": "0c33d7a2-e559-4b39-bb78-b7feed3cd1d5"} (remote_connection.py:303)
2023-03-05 20:50:29 [   DEBUG] http://localhost:50753 "POST /session/ee26ebd464cd695ab4b2e181fe868a94/element/0c33d7a2-e559-4b39-bb78-b7feed3cd1d5/click HTTP/1.1" 200 14 (connectionpool.py:456)
2023-03-05 20:50:29 [   DEBUG] Remote response: status=200 | data={"value":null} | headers=HTTPHeaderDict({'Content-Length': '14', 'Content-Type': 'application/json; charset=utf-8', 'cache-control': 'no-cache'}) (remote_connection.py:319)
2023-03-05 20:50:29 [   DEBUG] Finished Request (remote_connection.py:346)
2023-03-05 20:50:31 [   DEBUG] POST http://localhost:50753/session/ee26ebd464cd695ab4b2e181fe868a94/element {"using": "xpath", "value": "//h1[normalize-space()='Your Account Has Been Created!']"} (remote_connection.py:303)
2023-03-05 20:50:31 [   DEBUG] http://localhost:50753 "POST /session/ee26ebd464cd695ab4b2e181fe868a94/element HTTP/1.1" 200 88 (connectionpool.py:456)
2023-03-05 20:50:31 [   DEBUG] Remote response: status=200 | data={"value":{"element-6066-11e4-a52e-4f735466cecf":"d293790f-b8a6-418a-8a72-0d1e4f6b862d"}} | headers=HTTPHeaderDict({'Content-Length': '88', 'Content-Type': 'application/json; charset=utf-8', 'cache-control': 'no-cache'}) (remote_connection.py:319)
2023-03-05 20:50:31 [   DEBUG] Finished Request (remote_connection.py:346)
2023-03-05 20:50:31 [   DEBUG] GET http://localhost:50753/session/ee26ebd464cd695ab4b2e181fe868a94/element/d293790f-b8a6-418a-8a72-0d1e4f6b862d/text {"id": "d293790f-b8a6-418a-8a72-0d1e4f6b862d"} (remote_connection.py:303)
2023-03-05 20:50:31 [   DEBUG] http://localhost:50753 "GET /session/ee26ebd464cd695ab4b2e181fe868a94/element/d293790f-b8a6-418a-8a72-0d1e4f6b862d/text HTTP/1.1" 200 42 (connectionpool.py:456)
2023-03-05 20:50:31 [   DEBUG] Remote response: status=200 | data={"value":"Your Account Has Been Created!"} | headers=HTTPHeaderDict({'Content-Length': '42', 'Content-Type': 'application/json; charset=utf-8', 'cache-control': 'no-cache'}) (remote_connection.py:319)
2023-03-05 20:50:31 [   DEBUG] Finished Request (remote_connection.py:346)
2023-03-05 20:50:31 [    INFO] Account registration is passed.. (test_001_AccountRegistration.py:43)
2023-03-05 20:50:31 [   DEBUG] DELETE http://localhost:50753/session/ee26ebd464cd695ab4b2e181fe868a94/window {} (remote_connection.py:303)
2023-03-05 20:50:31 [   DEBUG] http://localhost:50753 "DELETE /session/ee26ebd464cd695ab4b2e181fe868a94/window HTTP/1.1" 200 12 (connectionpool.py:456)
2023-03-05 20:50:31 [   DEBUG] Remote response: status=200 | data={"value":[]} | headers=HTTPHeaderDict({'Content-Length': '12', 'Content-Type': 'application/json; charset=utf-8', 'cache-control': 'no-cache'}) (remote_connection.py:319)
2023-03-05 20:50:31 [   DEBUG] Finished Request (remote_connection.py:346)
2023-03-05 20:50:31 [    INFO] **** test_001_AccountRegistration finished ***  (test_001_AccountRegistration.py:51)
